dataset plan: existing=105 / intended=105
学習計画 1/1: {'split_mode': 'explicit_days', 'training_noise': 'matched', 'train_experiments': ['2025.06.11_0.3_2', '2025.07.09_0.3_1'], 'test_experiments': ['2025.06.18_0.3_3'], 'internal_validation': 'chunk_kfold', 'training_experiments': ['2025.06.11_0.3_2', '2025.07.09_0.3_1'], 'evaluation_experiments': ['2025.06.18_0.3_3'], 'training_noise_dir': 'heatflux_no_noise', 'generalization_scope': 'held_out_experiment_day', 'outer_folds_per_evaluation_day': 1, 'training_datasets': [{'experiment_name': '2025.06.11_0.3_2', 'data_path': 'C:\\Users\\Casper4\\Python\\ueki\\shibasaki\\研究\\Pool_boiling\\Subcooling_20_degrees\\0.3\\2025.06.11_0.3_2\\data\\npy\\waterflow_20260817_1s\\maxfreq=3kHz\\heatflux_no_noise', 'noise_dir_name': 'heatflux_no_noise', 'max_freq_hz': 'maxfreq=3kHz'}, {'experiment_name': '2025.07.09_0.3_1', 'data_path': 'C:\\Users\\Casper4\\Python\\ueki\\shibasaki\\研究\\Pool_boiling\\Subcooling_20_degrees\\0.3\\2025.07.09_0.3_1\\data\\npy\\waterflow_20260817_1s\\maxfreq=3kHz\\heatflux_no_noise', 'noise_dir_name': 'heatflux_no_noise', 'max_freq_hz': 'maxfreq=3kHz'}]}
読み込みスタート
読み込みスタート
Internal chunk_kfold 1/3: rf
Internal chunk_kfold 1/3: cnntf_v2_gap

 1/20 [>.............................] - ETA: 5s
13/20 [==================>...........] - ETA: 0s
20/20 [==============================] - 0s 5ms/step
Internal chunk_kfold 1/3: alexnet

 1/20 [>.............................] - ETA: 1s
20/20 [==============================] - 0s 2ms/step
Internal chunk_kfold 2/3: rf
Internal chunk_kfold 2/3: cnntf_v2_gap

 1/20 [>.............................] - ETA: 3s
14/20 [====================>.........] - ETA: 0s
20/20 [==============================] - 0s 4ms/step
Internal chunk_kfold 2/3: alexnet

 1/20 [>.............................] - ETA: 1s
20/20 [==============================] - 0s 2ms/step
Internal chunk_kfold 3/3: rf
Internal chunk_kfold 3/3: cnntf_v2_gap

 1/20 [>.............................] - ETA: 3s
13/20 [==================>...........] - ETA: 0s
20/20 [==============================] - 0s 4ms/step
Internal chunk_kfold 3/3: alexnet

 1/20 [>.............................] - ETA: 1s
20/20 [==============================] - 0s 3ms/step
読み込みスタート
Epoch 1/2

  1/117 [..............................] - ETA: 3:15 - loss: 0.0992
  3/117 [..............................] - ETA: 3s - loss: 0.0868  
  5/117 [>.............................] - ETA: 3s - loss: 0.1037
  7/117 [>.............................] - ETA: 3s - loss: 0.1122
 13/117 [==>...........................] - ETA: 2s - loss: 0.0945
 18/117 [===>..........................] - ETA: 1s - loss: 0.0914
 25/117 [=====>........................] - ETA: 1s - loss: 0.0928
 32/117 [=======>......................] - ETA: 1s - loss: 0.0878
 37/117 [========>.....................] - ETA: 1s - loss: 0.0846
 44/117 [==========>...................] - ETA: 0s - loss: 0.0815
 51/117 [============>.................] - ETA: 0s - loss: 0.0817
 57/117 [=============>................] - ETA: 0s - loss: 0.0815
 62/117 [==============>...............] - ETA: 0s - loss: 0.0812
 67/117 [================>.............] - ETA: 0s - loss: 0.0843
 74/117 [=================>............] - ETA: 0s - loss: 0.0813
 81/117 [===================>..........] - ETA: 0s - loss: 0.0786
 88/117 [=====================>........] - ETA: 0s - loss: 0.0758
 93/117 [======================>.......] - ETA: 0s - loss: 0.0761
100/117 [========================>.....] - ETA: 0s - loss: 0.0743
105/117 [=========================>....] - ETA: 0s - loss: 0.0730
111/117 [===========================>..] - ETA: 0s - loss: 0.0710
116/117 [============================>.] - ETA: 0s - loss: 0.0698
117/117 [==============================] - ETA: 0s - loss: 0.0696
117/117 [==============================] - 3s 12ms/step - loss: 0.0696
Epoch 2/2

  1/117 [..............................] - ETA: 1s - loss: 0.1441
  6/117 [>.............................] - ETA: 1s - loss: 0.1009
 13/117 [==>...........................] - ETA: 1s - loss: 0.0831
 20/117 [====>.........................] - ETA: 0s - loss: 0.0698
 25/117 [=====>........................] - ETA: 0s - loss: 0.0656
 31/117 [======>.......................] - ETA: 0s - loss: 0.0612
 37/117 [========>.....................] - ETA: 0s - loss: 0.0603
 43/117 [==========>...................] - ETA: 0s - loss: 0.0593
 49/117 [===========>..................] - ETA: 0s - loss: 0.0586
 53/117 [============>.................] - ETA: 0s - loss: 0.0570
 59/117 [==============>...............] - ETA: 0s - loss: 0.0568
 64/117 [===============>..............] - ETA: 0s - loss: 0.0547
 69/117 [================>.............] - ETA: 0s - loss: 0.0540
 75/117 [==================>...........] - ETA: 0s - loss: 0.0524
 80/117 [===================>..........] - ETA: 0s - loss: 0.0516
 85/117 [====================>.........] - ETA: 0s - loss: 0.0511
 90/117 [======================>.......] - ETA: 0s - loss: 0.0507
 95/117 [=======================>......] - ETA: 0s - loss: 0.0496
100/117 [========================>.....] - ETA: 0s - loss: 0.0492
106/117 [==========================>...] - ETA: 0s - loss: 0.0483
111/117 [===========================>..] - ETA: 0s - loss: 0.0479
117/117 [==============================] - ETA: 0s - loss: 0.0479
117/117 [==============================] - 1s 10ms/step - loss: 0.0479
読み込みスタート

 1/34 [..............................] - ETA: 6s
10/34 [=======>......................] - ETA: 0s
24/34 [====================>.........] - ETA: 0s
34/34 [==============================] - 0s 5ms/step
Epoch 1/2

  1/117 [..............................] - ETA: 1:01 - loss: 0.6552
  5/117 [>.............................] - ETA: 1s - loss: 0.5580  
 10/117 [=>............................] - ETA: 1s - loss: 0.5638
 15/117 [==>...........................] - ETA: 1s - loss: 0.6047
 22/117 [====>.........................] - ETA: 0s - loss: 0.5534
 29/117 [======>.......................] - ETA: 0s - loss: 0.4904
 37/117 [========>.....................] - ETA: 0s - loss: 0.4485
 44/117 [==========>...................] - ETA: 0s - loss: 0.4079
 51/117 [============>.................] - ETA: 0s - loss: 0.3720
 59/117 [==============>...............] - ETA: 0s - loss: 0.3420
 66/117 [===============>..............] - ETA: 0s - loss: 0.3205
 73/117 [=================>............] - ETA: 0s - loss: 0.3026
 82/117 [====================>.........] - ETA: 0s - loss: 0.2839
 91/117 [======================>.......] - ETA: 0s - loss: 0.2672
 99/117 [========================>.....] - ETA: 0s - loss: 0.2542
106/117 [==========================>...] - ETA: 0s - loss: 0.2448
115/117 [============================>.] - ETA: 0s - loss: 0.2338
117/117 [==============================] - ETA: 0s - loss: 0.2326
117/117 [==============================] - 1s 8ms/step - loss: 0.2326
Epoch 2/2

  1/117 [..............................] - ETA: 0s - loss: 0.0870
  9/117 [=>............................] - ETA: 0s - loss: 0.0958
 17/117 [===>..........................] - ETA: 0s - loss: 0.0823
 25/117 [=====>........................] - ETA: 0s - loss: 0.0842
 34/117 [=======>......................] - ETA: 0s - loss: 0.0806
 42/117 [=========>....................] - ETA: 0s - loss: 0.0800
 52/117 [============>.................] - ETA: 0s - loss: 0.0773
 60/117 [==============>...............] - ETA: 0s - loss: 0.0764
 69/117 [================>.............] - ETA: 0s - loss: 0.0739
 79/117 [===================>..........] - ETA: 0s - loss: 0.0711
 87/117 [=====================>........] - ETA: 0s - loss: 0.0715
 97/117 [=======================>......] - ETA: 0s - loss: 0.0696
104/117 [=========================>....] - ETA: 0s - loss: 0.0688
112/117 [===========================>..] - ETA: 0s - loss: 0.0674
117/117 [==============================] - 1s 7ms/step - loss: 0.0670
読み込みスタート

 1/34 [..............................] - ETA: 2s
31/34 [==========================>...] - ETA: 0s
34/34 [==============================] - 0s 2ms/step
ensemble comparison saved: C:\Users\Casper4\Python\ueki\shibasaki\研究\Pool_boiling\Subcooling_20_degrees\0.3\2025.06.18_0.3_3\regression_result\npy\day_split_smoke\20260916_day_split_smoke_baseline\maxfreq=3kHz\heatflux_no_noise\e2_active_rf-ctf-alex_ed198_s_rf-cnntf_v_performa\ensemble_strategy_comparison_no_noise.csv
評価結果を保存: C:\Users\Casper4\Python\ueki\shibasaki\研究\Pool_boiling\Subcooling_20_degrees\0.3\2025.06.18_0.3_3\regression_result\npy\day_split_smoke\20260916_day_split_smoke_baseline\maxfreq=3kHz\heatflux_no_noise\e2_active_rf-ctf-alex_ed198_s_rf-cnntf_v_performa
学習計画 1/1: {'split_mode': 'explicit_days', 'training_noise': 'matched', 'train_experiments': ['2025.06.11_0.3_2', '2025.07.09_0.3_1'], 'test_experiments': ['2025.06.18_0.3_3'], 'internal_validation': 'chunk_kfold', 'training_experiments': ['2025.06.11_0.3_2', '2025.07.09_0.3_1'], 'evaluation_experiments': ['2025.06.18_0.3_3'], 'training_noise_dir': 'heatflux_no_noise', 'generalization_scope': 'held_out_experiment_day', 'outer_folds_per_evaluation_day': 1, 'training_datasets': [{'experiment_name': '2025.06.11_0.3_2', 'data_path': 'C:\\Users\\Casper4\\Python\\ueki\\shibasaki\\研究\\Pool_boiling\\Subcooling_20_degrees\\0.3\\2025.06.11_0.3_2\\data\\npy\\waterflow_20260817_1s\\maxfreq=3kHz\\heatflux_no_noise', 'noise_dir_name': 'heatflux_no_noise', 'max_freq_hz': 'maxfreq=3kHz'}, {'experiment_name': '2025.07.09_0.3_1', 'data_path': 'C:\\Users\\Casper4\\Python\\ueki\\shibasaki\\研究\\Pool_boiling\\Subcooling_20_degrees\\0.3\\2025.07.09_0.3_1\\data\\npy\\waterflow_20260817_1s\\maxfreq=3kHz\\heatflux_no_noise', 'noise_dir_name': 'heatflux_no_noise', 'max_freq_hz': 'maxfreq=3kHz'}]}
読み込みスタート
読み込みスタート
Internal chunk_kfold 1/3: rf
Internal chunk_kfold 1/3: cnntf_v2_gap

 1/20 [>.............................] - ETA: 3s
15/20 [=====================>........] - ETA: 0s
20/20 [==============================] - 0s 4ms/step
Internal chunk_kfold 1/3: alexnet

 1/20 [>.............................] - ETA: 1s
20/20 [==============================] - 0s 1ms/step
Internal chunk_kfold 2/3: rf
Internal chunk_kfold 2/3: cnntf_v2_gap

 1/20 [>.............................] - ETA: 3s
14/20 [====================>.........] - ETA: 0s
20/20 [==============================] - 0s 4ms/step
Internal chunk_kfold 2/3: alexnet

 1/20 [>.............................] - ETA: 1s
20/20 [==============================] - 0s 2ms/step
Internal chunk_kfold 3/3: rf
Internal chunk_kfold 3/3: cnntf_v2_gap

 1/20 [>.............................] - ETA: 3s
18/20 [==========================>...] - ETA: 0s
20/20 [==============================] - 0s 3ms/step
Internal chunk_kfold 3/3: alexnet

 1/20 [>.............................] - ETA: 1s
20/20 [==============================] - 0s 2ms/step
読み込みスタート
Epoch 1/2

  1/103 [..............................] - ETA: 2:22 - loss: 0.0893
  4/103 [>.............................] - ETA: 2s - loss: 0.0844  
python : WARNING:tensorflow:Callback method `on_train_batch_end` is slow compared to the batch time (batch time: 0.0035
s vs `on_train_batch_end` time: 0.0221s). Check your callbacks.
発生場所 行:2 文字:63
+ ... CODING='utf-8'; python code/verify_day_split_pipeline.py 2>&1 | Out-F ...
+                     ~~~~~~~~~~~~~~~~~~~~~~~~~~~~~~~~~~~~~~~~~~~~~
    + CategoryInfo          : NotSpecified: (WARNING:tensorf...your callbacks.:String) [], RemoteException
    + FullyQualifiedErrorId : NativeCommandError
 
  6/103 [>.............................] - ETA: 2s - loss: 0.0836
  9/103 [=>............................] - ETA: 2s - loss: 0.0880
 12/103 [==>...........................] - ETA: 2s - loss: 0.1377
 15/103 [===>..........................] - ETA: 1s - loss: 0.1340
 20/103 [====>.........................] - ETA: 1s - loss: 0.1262
 28/103 [=======>......................] - ETA: 1s - loss: 0.1191
 36/103 [=========>....................] - ETA: 0s - loss: 0.1048
 42/103 [===========>..................] - ETA: 0s - loss: 0.0967
 50/103 [=============>................] - ETA: 0s - loss: 0.0904
 56/103 [===============>..............] - ETA: 0s - loss: 0.0868
 65/103 [=================>............] - ETA: 0s - loss: 0.0827
 73/103 [====================>.........] - ETA: 0s - loss: 0.0808
 81/103 [======================>.......] - ETA: 0s - loss: 0.0770
 87/103 [========================>.....] - ETA: 0s - loss: 0.0747
 95/103 [==========================>...] - ETA: 0s - loss: 0.0717
103/103 [==============================] - 2s 10ms/step - loss: 0.0708
Epoch 2/2

  1/103 [..............................] - ETA: 0s - loss: 0.0167
  7/103 [=>............................] - ETA: 0s - loss: 0.0330
 15/103 [===>..........................] - ETA: 0s - loss: 0.0384
 21/103 [=====>........................] - ETA: 0s - loss: 0.0432
 29/103 [=======>......................] - ETA: 0s - loss: 0.0471
 36/103 [=========>....................] - ETA: 0s - loss: 0.0468
 44/103 [===========>..................] - ETA: 0s - loss: 0.0446
 50/103 [=============>................] - ETA: 0s - loss: 0.0433
 58/103 [===============>..............] - ETA: 0s - loss: 0.0426
 66/103 [==================>...........] - ETA: 0s - loss: 0.0437
 73/103 [====================>.........] - ETA: 0s - loss: 0.0455
 81/103 [======================>.......] - ETA: 0s - loss: 0.0439
 88/103 [========================>.....] - ETA: 0s - loss: 0.0437
 94/103 [==========================>...] - ETA: 0s - loss: 0.0424
102/103 [============================>.] - ETA: 0s - loss: 0.0428
103/103 [==============================] - 1s 8ms/step - loss: 0.0431
読み込みスタート

 1/34 [..............................] - ETA: 6s
15/34 [============>.................] - ETA: 0s
28/34 [=======================>......] - ETA: 0s
34/34 [==============================] - 0s 4ms/step
Epoch 1/2

  1/103 [..............................] - ETA: 51s - loss: 0.5615
 11/103 [==>...........................] - ETA: 0s - loss: 0.5533 
 21/103 [=====>........................] - ETA: 0s - loss: 0.5163
 31/103 [========>.....................] - ETA: 0s - loss: 0.4566
 38/103 [==========>...................] - ETA: 0s - loss: 0.4187
 46/103 [============>.................] - ETA: 0s - loss: 0.3799
 56/103 [===============>..............] - ETA: 0s - loss: 0.3406
 66/103 [==================>...........] - ETA: 0s - loss: 0.3145
 74/103 [====================>.........] - ETA: 0s - loss: 0.2972
 82/103 [======================>.......] - ETA: 0s - loss: 0.2817
 90/103 [=========================>....] - ETA: 0s - loss: 0.2645
 99/103 [===========================>..] - ETA: 0s - loss: 0.2486
103/103 [==============================] - 1s 7ms/step - loss: 0.2428
Epoch 2/2

  1/103 [..............................] - ETA: 1s - loss: 0.0487
  9/103 [=>............................] - ETA: 0s - loss: 0.0631
 17/103 [===>..........................] - ETA: 0s - loss: 0.0807
 27/103 [======>.......................] - ETA: 0s - loss: 0.0842
 35/103 [=========>....................] - ETA: 0s - loss: 0.0796
 43/103 [===========>..................] - ETA: 0s - loss: 0.0780
 53/103 [==============>...............] - ETA: 0s - loss: 0.0735
 61/103 [================>.............] - ETA: 0s - loss: 0.0721
 69/103 [===================>..........] - ETA: 0s - loss: 0.0707
 76/103 [=====================>........] - ETA: 0s - loss: 0.0686
 84/103 [=======================>......] - ETA: 0s - loss: 0.0668
 95/103 [==========================>...] - ETA: 0s - loss: 0.0652
103/103 [==============================] - 1s 6ms/step - loss: 0.0633
読み込みスタート

 1/34 [..............................] - ETA: 2s
30/34 [=========================>....] - ETA: 0s
34/34 [==============================] - 0s 2ms/step
ensemble comparison saved: C:\Users\Casper4\Python\ueki\shibasaki\研究\Pool_boiling\Subcooling_20_degrees\0.3\2025.06.18_0.3_3\regression_result\npy\day_split_smoke\20260916_day_split_smoke_selected\maxfreq=3kHz\heatflux_no_noise\e2_active_rf-ctf-alex_ed198_s_rf-cnntf_v_performa\ensemble_strategy_comparison_no_noise.csv
評価結果を保存: C:\Users\Casper4\Python\ueki\shibasaki\研究\Pool_boiling\Subcooling_20_degrees\0.3\2025.06.18_0.3_3\regression_result\npy\day_split_smoke\20260916_day_split_smoke_selected\maxfreq=3kHz\heatflux_no_noise\e2_active_rf-ctf-alex_ed198_s_rf-cnntf_v_performa
