############################################################
### 本番モード (SMOKE_TEST = False) ###
有効なモデル: ['Conformer']  (model_tag=conformer)
重み戦略: simple | 統合: mean | epoch=300 | fold=3
validation_config:
{'run': {'smoke_test': False,
         'epochs': 300,
         'folds': 3,
         'color_channel': 1,
         'random_seed': 42,
         'loop_parameter_sets': True},
 'data': {'experiment_root': 'C:\\Users\\Casper4\\Python\\ueki\\shibasaki\\研究\\Pool_boiling\\Subcooling_20_degrees\\0.3',
          'result_model_group': 'conformer',
          'noise_source': 'waterflow',
          'chunk_seconds': 1,
          'experiment_names': ['2025.06.18_0.3_3',
                               '2025.07.09_0.3_1',
                               '2025.06.11_0.3_2'],
          'max_freq_hz_list': ['maxfreq=22kHz'],
          'noise_dir_names': ['heatflux_no_noise'],
          'data_source_dir_by_experiment': {'2025.06.11_0.3_2': 'waterflow_20260629_1s',
                                            '2025.06.18_0.3_3': 'waterflow_20260622_1s',
                                            '2025.07.09_0.3_1': 'waterflow_20251219_1s'},
          'skip_missing_datasets': False},
 'thresholds': {'by_experiment': {'2025.07.09_0.3_1': 275174.6640882674,
                                  '2025.06.11_0.3_2': 266907.6965,
                                  '2025.06.18_0.3_3': 271677.6816},
                'require_experiment_threshold': False,
                'onb_band_frac': 0.1},
 'models': {'active_model_keys': ['conformer'],
            'parameter_sets': [{'name': 't28_d128_ff512_k15_b3',
                                'models': {'conformer': {'lr': 0.0001,
                                                         'batch_size': 64,
                                                         'time_reduction': 8,
                                                         'frontend_filters': [48,
                                                                              96,
                                                                              128,
                                                                              128,
                                                                              128],
                                                         'model_dim': 128,
                                                         'attention_key_dim': 32,
                                                         'num_heads': 4,
                                                         'ff_dim': 512,
                                                         'num_conformer_blocks': 3,
                                                         'conv_kernel_size': 15,
                                                         'dropout': 0.2}}},
                               {'name': 't56_d64_ff256_k15_b2',
                                'models': {'conformer': {'lr': 0.0001,
                                                         'batch_size': 64,
                                                         'time_reduction': 4,
                                                         'frontend_filters': [32,
                                                                              64,
                                                                              96,
                                                                              96,
                                                                              96],
                                                         'model_dim': 64,
                                                         'attention_key_dim': 16,
                                                         'num_heads': 4,
                                                         'ff_dim': 256,
                                                         'num_conformer_blocks': 2,
                                                         'conv_kernel_size': 15,
                                                         'dropout': 0.25}}}]},
 'ensemble': {'enabled': False,
              'weight_strategy': 'simple',
              'fixed_weights': {'rf': 0.9, 'conformer': 0.05, 'alexnet': 0.05},
              'inner_holdout_frac': 0.2,
              'combine': 'mean'},
 'features': {'pca_components': 100},
 'output': {'save_date': '20260702',
            'result_date_dir': '20260702_conformer_arch',
            'run_instance_id': '183242',
            'save_fold_predictions': True,
            'save_tuning_summary': True}}
############################################################
dataset plan: existing=3 / intended=3

========================================
dataset 1/3 | 2025.06.18_0.3_3 | maxfreq=22kHz | heatflux_no_noise
data_path=C:\Users\Casper4\Python\ueki\shibasaki\研究\Pool_boiling\Subcooling_20_degrees\0.3\2025.06.18_0.3_3\data\npy\waterflow_20260622_1s\maxfreq=22kHz\heatflux_no_noise
threshold=271677.6816
読み込みスタート
x shape: (1080, 224, 224, 1) | y shape: (1080,) | 読み込み 1.59 秒
parameter_set=t28_d128_ff512_k15_b3 | model_params={'conformer': {'lr': 0.0001, 'batch_size': 64, 'early_stopping': True, 'builder_params': {'model_dim': 128, 'attention_key_dim': 32, 'num_heads': 4, 'ff_dim': 512, 'num_conformer_blocks': 3, 'conv_kernel_size': 15, 'dropout': 0.2, 'time_reduction': 8, 'frontend_filters': [48, 96, 128, 128, 128]}, 'input_axes_assumption': ['time_frame', 'frequency_bin', 'channel'], 'architecture': {'front_end': 'alexnet_like_cnn_with_configurable_time_reduction', 'sequence_length_after_cnn': '224 / time_reduction', 'encoder': 'conformer_block', 'model_dim': 256, 'attention_key_dim': 64, 'num_heads': 4, 'ff_dim': 2048, 'conv_kernel_size': 31, 'pooling': 'AttentionPooling'}}}
run_dir=e300_t28_d128_ff512_k15_b3_conformer
  params for conformer: lr=0.0001, batch_size=64
[Conformer] Fold 1/3 学習開始
Epoch 1/300

 1/12 [=>............................] - ETA: 1:26 - loss: 0.1556
 3/12 [======>.......................] - ETA: 0s - loss: 0.1669  
 5/12 [===========>..................] - ETA: 0s - loss: 0.1636
 7/12 [================>.............] - ETA: 0s - loss: 0.1600
 9/12 [=====================>........] - ETA: 0s - loss: 0.1540
11/12 [==========================>...] - ETA: 0s - loss: 0.1487
12/12 [==============================] - ETA: 0s - loss: 0.1485
12/12 [==============================] - 8s 30ms/step - loss: 0.1485
Epoch 2/300

 1/12 [=>............................] - ETA: 0s - loss: 0.1149
 3/12 [======>.......................] - ETA: 0s - loss: 0.1054
 5/12 [===========>..................] - ETA: 0s - loss: 0.1122
 7/12 [================>.............] - ETA: 0s - loss: 0.1109
 9/12 [=====================>........] - ETA: 0s - loss: 0.1131
11/12 [==========================>...] - ETA: 0s - loss: 0.1121
12/12 [==============================] - 0s 27ms/step - loss: 0.1115
Epoch 3/300

 1/12 [=>............................] - ETA: 0s - loss: 0.1145
 3/12 [======>.......................] - ETA: 0s - loss: 0.1038
 5/12 [===========>..................] - ETA: 0s - loss: 0.1087
 7/12 [================>.............] - ETA: 0s - loss: 0.1050
 9/12 [=====================>........] - ETA: 0s - loss: 0.1012
11/12 [==========================>...] - ETA: 0s - loss: 0.1027
12/12 [==============================] - 0s 27ms/step - loss: 0.1029
Epoch 4/300

 1/12 [=>............................] - ETA: 0s - loss: 0.1058
 3/12 [======>.......................] - ETA: 0s - loss: 0.0942
 5/12 [===========>..................] - ETA: 0s - loss: 0.0996
 7/12 [================>.............] - ETA: 0s - loss: 0.0975
 9/12 [=====================>........] - ETA: 0s - loss: 0.0948
11/12 [==========================>...] - ETA: 0s - loss: 0.0957
12/12 [==============================] - 0s 27ms/step - loss: 0.0966
Epoch 5/300

 1/12 [=>............................] - ETA: 0s - loss: 0.0904
 3/12 [======>.......................] - ETA: 0s - loss: 0.0760
 5/12 [===========>..................] - ETA: 0s - loss: 0.0866
 7/12 [================>.............] - ETA: 0s - loss: 0.0814
 9/12 [=====================>........] - ETA: 0s - loss: 0.0833
11/12 [==========================>...] - ETA: 0s - loss: 0.0856
12/12 [==============================] - 0s 27ms/step - loss: 0.0860
Epoch 6/300

 1/12 [=>............................] - ETA: 0s - loss: 0.0811
 3/12 [======>.......................] - ETA: 0s - loss: 0.0929
 5/12 [===========>..................] - ETA: 0s - loss: 0.0986
 7/12 [================>.............] - ETA: 0s - loss: 0.0927
 9/12 [=====================>........] - ETA: 0s - loss: 0.0923
11/12 [==========================>...] - ETA: 0s - loss: 0.0923
12/12 [==============================] - 0s 27ms/step - loss: 0.0932
Epoch 7/300

 1/12 [=>............................] - ETA: 0s - loss: 0.0798
 3/12 [======>.......................] - ETA: 0s - loss: 0.0940
 5/12 [===========>..................] - ETA: 0s - loss: 0.0861
 7/12 [================>.............] - ETA: 0s - loss: 0.0876
 9/12 [=====================>........] - ETA: 0s - loss: 0.0880
11/12 [==========================>...] - ETA: 0s - loss: 0.0875
12/12 [==============================] - 0s 27ms/step - loss: 0.0866
Epoch 8/300

 1/12 [=>............................] - ETA: 0s - loss: 0.0620
 3/12 [======>.......................] - ETA: 0s - loss: 0.0793
 5/12 [===========>..................] - ETA: 0s - loss: 0.0906
 7/12 [================>.............] - ETA: 0s - loss: 0.0853
 9/12 [=====================>........] - ETA: 0s - loss: 0.0854
11/12 [==========================>...] - ETA: 0s - loss: 0.0867
12/12 [==============================] - 0s 27ms/step - loss: 0.0864
Epoch 9/300

 1/12 [=>............................] - ETA: 0s - loss: 0.0675
 3/12 [======>.......................] - ETA: 0s - loss: 0.0680
 5/12 [===========>..................] - ETA: 0s - loss: 0.0743
 7/12 [================>.............] - ETA: 0s - loss: 0.0768
 9/12 [=====================>........] - ETA: 0s - loss: 0.0789
11/12 [==========================>...] - ETA: 0s - loss: 0.0795
12/12 [==============================] - 0s 26ms/step - loss: 0.0799
Epoch 10/300

 1/12 [=>............................] - ETA: 0s - loss: 0.0969
 3/12 [======>.......................] - ETA: 0s - loss: 0.0770
 5/12 [===========>..................] - ETA: 0s - loss: 0.0798
 7/12 [================>.............] - ETA: 0s - loss: 0.0791
 9/12 [=====================>........] - ETA: 0s - loss: 0.0810
11/12 [==========================>...] - ETA: 0s - loss: 0.0812
12/12 [==============================] - 0s 27ms/step - loss: 0.0814
Epoch 11/300

 1/12 [=>............................] - ETA: 0s - loss: 0.0770
 3/12 [======>.......................] - ETA: 0s - loss: 0.0881
 5/12 [===========>..................] - ETA: 0s - loss: 0.0867
 7/12 [================>.............] - ETA: 0s - loss: 0.0816
 9/12 [=====================>........] - ETA: 0s - loss: 0.0811
11/12 [==========================>...] - ETA: 0s - loss: 0.0825
12/12 [==============================] - 0s 27ms/step - loss: 0.0827
Epoch 12/300

 1/12 [=>............................] - ETA: 0s - loss: 0.0739
 3/12 [======>.......................] - ETA: 0s - loss: 0.0742
 5/12 [===========>..................] - ETA: 0s - loss: 0.0766
 7/12 [================>.............] - ETA: 0s - loss: 0.0790
 9/12 [=====================>........] - ETA: 0s - loss: 0.0790
11/12 [==========================>...] - ETA: 0s - loss: 0.0785
12/12 [==============================] - 0s 27ms/step - loss: 0.0781
Epoch 13/300

 1/12 [=>............................] - ETA: 0s - loss: 0.0890
 3/12 [======>.......................] - ETA: 0s - loss: 0.0799
 5/12 [===========>..................] - ETA: 0s - loss: 0.0829
 7/12 [================>.............] - ETA: 0s - loss: 0.0800
 9/12 [=====================>........] - ETA: 0s - loss: 0.0792
11/12 [==========================>...] - ETA: 0s - loss: 0.0777
12/12 [==============================] - 0s 27ms/step - loss: 0.0778
Epoch 14/300

 1/12 [=>............................] - ETA: 0s - loss: 0.0797
 3/12 [======>.......................] - ETA: 0s - loss: 0.0757
 5/12 [===========>..................] - ETA: 0s - loss: 0.0768
 7/12 [================>.............] - ETA: 0s - loss: 0.0748
 9/12 [=====================>........] - ETA: 0s - loss: 0.0725
11/12 [==========================>...] - ETA: 0s - loss: 0.0722
12/12 [==============================] - 0s 27ms/step - loss: 0.0717
Epoch 15/300

 1/12 [=>............................] - ETA: 0s - loss: 0.0734
 3/12 [======>.......................] - ETA: 0s - loss: 0.0610
 5/12 [===========>..................] - ETA: 0s - loss: 0.0552
 7/12 [================>.............] - ETA: 0s - loss: 0.0559
 9/12 [=====================>........] - ETA: 0s - loss: 0.0586
11/12 [==========================>...] - ETA: 0s - loss: 0.0660
12/12 [==============================] - 0s 29ms/step - loss: 0.0659
Epoch 16/300

 1/12 [=>............................] - ETA: 0s - loss: 0.0793
 3/12 [======>.......................] - ETA: 0s - loss: 0.0772
 5/12 [===========>..................] - ETA: 0s - loss: 0.0760
 7/12 [================>.............] - ETA: 0s - loss: 0.0723
 9/12 [=====================>........] - ETA: 0s - loss: 0.0699
11/12 [==========================>...] - ETA: 0s - loss: 0.0738
12/12 [==============================] - 0s 33ms/step - loss: 0.0739
Epoch 17/300

 1/12 [=>............................] - ETA: 0s - loss: 0.0727
 3/12 [======>.......................] - ETA: 0s - loss: 0.0669
 5/12 [===========>..................] - ETA: 0s - loss: 0.0667
 7/12 [================>.............] - ETA: 0s - loss: 0.0667
 9/12 [=====================>........] - ETA: 0s - loss: 0.0687
11/12 [==========================>...] - ETA: 0s - loss: 0.0712
12/12 [==============================] - 0s 29ms/step - loss: 0.0710
Epoch 18/300

 1/12 [=>............................] - ETA: 0s - loss: 0.0755
 3/12 [======>.......................] - ETA: 0s - loss: 0.0804
 5/12 [===========>..................] - ETA: 0s - loss: 0.0791
 7/12 [================>.............] - ETA: 0s - loss: 0.0782
 9/12 [=====================>........] - ETA: 0s - loss: 0.0770
11/12 [==========================>...] - ETA: 0s - loss: 0.0756
12/12 [==============================] - 0s 27ms/step - loss: 0.0762
Epoch 19/300

 1/12 [=>............................] - ETA: 0s - loss: 0.0863
 3/12 [======>.......................] - ETA: 0s - loss: 0.0847
 5/12 [===========>..................] - ETA: 0s - loss: 0.0775
 7/12 [================>.............] - ETA: 0s - loss: 0.0775
 9/12 [=====================>........] - ETA: 0s - loss: 0.0817
11/12 [==========================>...] - ETA: 0s - loss: 0.0785
12/12 [==============================] - 0s 27ms/step - loss: 0.0781
Epoch 20/300

 1/12 [=>............................] - ETA: 0s - loss: 0.0633
 3/12 [======>.......................] - ETA: 0s - loss: 0.0618
 5/12 [===========>..................] - ETA: 0s - loss: 0.0631
 7/12 [================>.............] - ETA: 0s - loss: 0.0679
 9/12 [=====================>........] - ETA: 0s - loss: 0.0700
11/12 [==========================>...] - ETA: 0s - loss: 0.0680
12/12 [==============================] - 0s 27ms/step - loss: 0.0672
Epoch 21/300

 1/12 [=>............................] - ETA: 0s - loss: 0.0519
 3/12 [======>.......................] - ETA: 0s - loss: 0.0604
 5/12 [===========>..................] - ETA: 0s - loss: 0.0596
 7/12 [================>.............] - ETA: 0s - loss: 0.0606
 9/12 [=====================>........] - ETA: 0s - loss: 0.0638
11/12 [==========================>...] - ETA: 0s - loss: 0.0632
12/12 [==============================] - 0s 27ms/step - loss: 0.0633
Epoch 22/300

 1/12 [=>............................] - ETA: 0s - loss: 0.0551
 3/12 [======>.......................] - ETA: 0s - loss: 0.0638
 5/12 [===========>..................] - ETA: 0s - loss: 0.0710
 7/12 [================>.............] - ETA: 0s - loss: 0.0673
 9/12 [=====================>........] - ETA: 0s - loss: 0.0652
11/12 [==========================>...] - ETA: 0s - loss: 0.0657
12/12 [==============================] - 0s 27ms/step - loss: 0.0652
Epoch 23/300

 1/12 [=>............................] - ETA: 0s - loss: 0.0494
 3/12 [======>.......................] - ETA: 0s - loss: 0.0630
 5/12 [===========>..................] - ETA: 0s - loss: 0.0626
 7/12 [================>.............] - ETA: 0s - loss: 0.0644
 9/12 [=====================>........] - ETA: 0s - loss: 0.0650
11/12 [==========================>...] - ETA: 0s - loss: 0.0700
12/12 [==============================] - 0s 27ms/step - loss: 0.0705
Epoch 24/300

 1/12 [=>............................] - ETA: 0s - loss: 0.0737
 3/12 [======>.......................] - ETA: 0s - loss: 0.0664
 5/12 [===========>..................] - ETA: 0s - loss: 0.0646
 7/12 [================>.............] - ETA: 0s - loss: 0.0680
 9/12 [=====================>........] - ETA: 0s - loss: 0.0725
11/12 [==========================>...] - ETA: 0s - loss: 0.0717
12/12 [==============================] - 0s 27ms/step - loss: 0.0720
Epoch 25/300

 1/12 [=>............................] - ETA: 0s - loss: 0.0706
 3/12 [======>.......................] - ETA: 0s - loss: 0.0659
 5/12 [===========>..................] - ETA: 0s - loss: 0.0617
 7/12 [================>.............] - ETA: 0s - loss: 0.0636
 9/12 [=====================>........] - ETA: 0s - loss: 0.0628
11/12 [==========================>...] - ETA: 0s - loss: 0.0621
12/12 [==============================] - 0s 27ms/step - loss: 0.0620
Epoch 26/300

 1/12 [=>............................] - ETA: 0s - loss: 0.0511
 3/12 [======>.......................] - ETA: 0s - loss: 0.0623
 5/12 [===========>..................] - ETA: 0s - loss: 0.0606
 7/12 [================>.............] - ETA: 0s - loss: 0.0614
 9/12 [=====================>........] - ETA: 0s - loss: 0.0622
11/12 [==========================>...] - ETA: 0s - loss: 0.0637
12/12 [==============================] - 0s 27ms/step - loss: 0.0636
Epoch 27/300

 1/12 [=>............................] - ETA: 0s - loss: 0.0626
 3/12 [======>.......................] - ETA: 0s - loss: 0.0615
 5/12 [===========>..................] - ETA: 0s - loss: 0.0604
 7/12 [================>.............] - ETA: 0s - loss: 0.0616
 9/12 [=====================>........] - ETA: 0s - loss: 0.0638
11/12 [==========================>...] - ETA: 0s - loss: 0.0644
12/12 [==============================] - 0s 27ms/step - loss: 0.0648
Epoch 28/300

 1/12 [=>............................] - ETA: 0s - loss: 0.0879
 4/12 [=========>....................] - ETA: 0s - loss: 0.0695
 6/12 [==============>...............] - ETA: 0s - loss: 0.0672
 8/12 [===================>..........] - ETA: 0s - loss: 0.0700
10/12 [========================>.....] - ETA: 0s - loss: 0.0671
12/12 [==============================] - 0s 26ms/step - loss: 0.0660
Epoch 29/300

 1/12 [=>............................] - ETA: 0s - loss: 0.0717
 3/12 [======>.......................] - ETA: 0s - loss: 0.0718
 5/12 [===========>..................] - ETA: 0s - loss: 0.0673
 7/12 [================>.............] - ETA: 0s - loss: 0.0682
 9/12 [=====================>........] - ETA: 0s - loss: 0.0686
11/12 [==========================>...] - ETA: 0s - loss: 0.0651
12/12 [==============================] - 0s 27ms/step - loss: 0.0663
Epoch 30/300

 1/12 [=>............................] - ETA: 0s - loss: 0.0683
 3/12 [======>.......................] - ETA: 0s - loss: 0.0683
 5/12 [===========>..................] - ETA: 0s - loss: 0.0674
 7/12 [================>.............] - ETA: 0s - loss: 0.0668
 9/12 [=====================>........] - ETA: 0s - loss: 0.0646
11/12 [==========================>...] - ETA: 0s - loss: 0.0627
12/12 [==============================] - 0s 27ms/step - loss: 0.0622
Epoch 31/300

 1/12 [=>............................] - ETA: 0s - loss: 0.0682
 3/12 [======>.......................] - ETA: 0s - loss: 0.0682
 5/12 [===========>..................] - ETA: 0s - loss: 0.0643
 7/12 [================>.............] - ETA: 0s - loss: 0.0636
 9/12 [=====================>........] - ETA: 0s - loss: 0.0640
11/12 [==========================>...] - ETA: 0s - loss: 0.0633
12/12 [==============================] - 0s 26ms/step - loss: 0.0627
Epoch 32/300

 1/12 [=>............................] - ETA: 0s - loss: 0.0717
 3/12 [======>.......................] - ETA: 0s - loss: 0.0608
 5/12 [===========>..................] - ETA: 0s - loss: 0.0556
 7/12 [================>.............] - ETA: 0s - loss: 0.0563
 9/12 [=====================>........] - ETA: 0s - loss: 0.0574
12/12 [==============================] - ETA: 0s - loss: 0.0606
12/12 [==============================] - 0s 27ms/step - loss: 0.0606
Epoch 33/300

 1/12 [=>............................] - ETA: 0s - loss: 0.0579
 3/12 [======>.......................] - ETA: 0s - loss: 0.0639
 5/12 [===========>..................] - ETA: 0s - loss: 0.0629
 7/12 [================>.............] - ETA: 0s - loss: 0.0649
 9/12 [=====================>........] - ETA: 0s - loss: 0.0648
11/12 [==========================>...] - ETA: 0s - loss: 0.0653
12/12 [==============================] - 0s 27ms/step - loss: 0.0655
Epoch 34/300

 1/12 [=>............................] - ETA: 0s - loss: 0.0601
 3/12 [======>.......................] - ETA: 0s - loss: 0.0723
 5/12 [===========>..................] - ETA: 0s - loss: 0.0674
 7/12 [================>.............] - ETA: 0s - loss: 0.0671
 9/12 [=====================>........] - ETA: 0s - loss: 0.0687
11/12 [==========================>...] - ETA: 0s - loss: 0.0662
12/12 [==============================] - 0s 27ms/step - loss: 0.0661
Epoch 35/300

 1/12 [=>............................] - ETA: 0s - loss: 0.0636
 3/12 [======>.......................] - ETA: 0s - loss: 0.0693
 5/12 [===========>..................] - ETA: 0s - loss: 0.0685
 7/12 [================>.............] - ETA: 0s - loss: 0.0668
 9/12 [=====================>........] - ETA: 0s - loss: 0.0660
11/12 [==========================>...] - ETA: 0s - loss: 0.0672
12/12 [==============================] - 0s 26ms/step - loss: 0.0664
Epoch 36/300

 1/12 [=>............................] - ETA: 0s - loss: 0.0675
 3/12 [======>.......................] - ETA: 0s - loss: 0.0679
 5/12 [===========>..................] - ETA: 0s - loss: 0.0680
 7/12 [================>.............] - ETA: 0s - loss: 0.0655
 9/12 [=====================>........] - ETA: 0s - loss: 0.0625
11/12 [==========================>...] - ETA: 0s - loss: 0.0628
12/12 [==============================] - 0s 27ms/step - loss: 0.0633
Epoch 37/300

 1/12 [=>............................] - ETA: 0s - loss: 0.0482
 3/12 [======>.......................] - ETA: 0s - loss: 0.0624
 5/12 [===========>..................] - ETA: 0s - loss: 0.0654
 7/12 [================>.............] - ETA: 0s - loss: 0.0643
 9/12 [=====================>........] - ETA: 0s - loss: 0.0630
11/12 [==========================>...] - ETA: 0s - loss: 0.0641
12/12 [==============================] - 0s 27ms/step - loss: 0.0640
Epoch 38/300

 1/12 [=>............................] - ETA: 0s - loss: 0.0445
 3/12 [======>.......................] - ETA: 0s - loss: 0.0586
 5/12 [===========>..................] - ETA: 0s - loss: 0.0598
 7/12 [================>.............] - ETA: 0s - loss: 0.0582
 9/12 [=====================>........] - ETA: 0s - loss: 0.0599
11/12 [==========================>...] - ETA: 0s - loss: 0.0612
12/12 [==============================] - 0s 27ms/step - loss: 0.0611
Epoch 39/300

 1/12 [=>............................] - ETA: 0s - loss: 0.0569
 3/12 [======>.......................] - ETA: 0s - loss: 0.0647
 5/12 [===========>..................] - ETA: 0s - loss: 0.0624
 7/12 [================>.............] - ETA: 0s - loss: 0.0642
 9/12 [=====================>........] - ETA: 0s - loss: 0.0654
11/12 [==========================>...] - ETA: 0s - loss: 0.0631
12/12 [==============================] - 0s 27ms/step - loss: 0.0630
Epoch 40/300

 1/12 [=>............................] - ETA: 0s - loss: 0.0578
 3/12 [======>.......................] - ETA: 0s - loss: 0.0606
 5/12 [===========>..................] - ETA: 0s - loss: 0.0595
 7/12 [================>.............] - ETA: 0s - loss: 0.0629
 9/12 [=====================>........] - ETA: 0s - loss: 0.0624
11/12 [==========================>...] - ETA: 0s - loss: 0.0604
12/12 [==============================] - 0s 26ms/step - loss: 0.0604
Epoch 41/300

 1/12 [=>............................] - ETA: 0s - loss: 0.0730
 4/12 [=========>....................] - ETA: 0s - loss: 0.0654
 6/12 [==============>...............] - ETA: 0s - loss: 0.0610
 8/12 [===================>..........] - ETA: 0s - loss: 0.0614
10/12 [========================>.....] - ETA: 0s - loss: 0.0582
12/12 [==============================] - 0s 27ms/step - loss: 0.0595
Epoch 42/300

 1/12 [=>............................] - ETA: 0s - loss: 0.0604
 3/12 [======>.......................] - ETA: 0s - loss: 0.0612
 5/12 [===========>..................] - ETA: 0s - loss: 0.0654
 7/12 [================>.............] - ETA: 0s - loss: 0.0634
 9/12 [=====================>........] - ETA: 0s - loss: 0.0649
11/12 [==========================>...] - ETA: 0s - loss: 0.0649
12/12 [==============================] - 0s 26ms/step - loss: 0.0644
Epoch 43/300

 1/12 [=>............................] - ETA: 0s - loss: 0.0791
 3/12 [======>.......................] - ETA: 0s - loss: 0.0714
 5/12 [===========>..................] - ETA: 0s - loss: 0.0634
 7/12 [================>.............] - ETA: 0s - loss: 0.0635
 9/12 [=====================>........] - ETA: 0s - loss: 0.0616
11/12 [==========================>...] - ETA: 0s - loss: 0.0618
12/12 [==============================] - 0s 27ms/step - loss: 0.0610
Epoch 44/300

 1/12 [=>............................] - ETA: 0s - loss: 0.0728
 3/12 [======>.......................] - ETA: 0s - loss: 0.0585
 5/12 [===========>..................] - ETA: 0s - loss: 0.0555
 7/12 [================>.............] - ETA: 0s - loss: 0.0549
 9/12 [=====================>........] - ETA: 0s - loss: 0.0568
11/12 [==========================>...] - ETA: 0s - loss: 0.0572
12/12 [==============================] - 0s 27ms/step - loss: 0.0575
Epoch 45/300

 1/12 [=>............................] - ETA: 0s - loss: 0.0612
 3/12 [======>.......................] - ETA: 0s - loss: 0.0644
 5/12 [===========>..................] - ETA: 0s - loss: 0.0588
 7/12 [================>.............] - ETA: 0s - loss: 0.0605
 9/12 [=====================>........] - ETA: 0s - loss: 0.0622
12/12 [==============================] - ETA: 0s - loss: 0.0635
12/12 [==============================] - 0s 27ms/step - loss: 0.0635
Epoch 46/300

 1/12 [=>............................] - ETA: 0s - loss: 0.0725
 3/12 [======>.......................] - ETA: 0s - loss: 0.0713
 5/12 [===========>..................] - ETA: 0s - loss: 0.0667
 7/12 [================>.............] - ETA: 0s - loss: 0.0656
 9/12 [=====================>........] - ETA: 0s - loss: 0.0648
11/12 [==========================>...] - ETA: 0s - loss: 0.0639
12/12 [==============================] - 0s 27ms/step - loss: 0.0645
Epoch 47/300

 1/12 [=>............................] - ETA: 0s - loss: 0.0688
 3/12 [======>.......................] - ETA: 0s - loss: 0.0624
 5/12 [===========>..................] - ETA: 0s - loss: 0.0612
 7/12 [================>.............] - ETA: 0s - loss: 0.0595
 9/12 [=====================>........] - ETA: 0s - loss: 0.0569
11/12 [==========================>...] - ETA: 0s - loss: 0.0567
12/12 [==============================] - 0s 27ms/step - loss: 0.0576
Epoch 48/300

 1/12 [=>............................] - ETA: 0s - loss: 0.0872
 4/12 [=========>....................] - ETA: 0s - loss: 0.0630
 6/12 [==============>...............] - ETA: 0s - loss: 0.0624
 8/12 [===================>..........] - ETA: 0s - loss: 0.0594
10/12 [========================>.....] - ETA: 0s - loss: 0.0623
12/12 [==============================] - 0s 27ms/step - loss: 0.0642
Epoch 49/300

 1/12 [=>............................] - ETA: 0s - loss: 0.0651
 3/12 [======>.......................] - ETA: 0s - loss: 0.0590
 5/12 [===========>..................] - ETA: 0s - loss: 0.0595
 7/12 [================>.............] - ETA: 0s - loss: 0.0586
 9/12 [=====================>........] - ETA: 0s - loss: 0.0584
11/12 [==========================>...] - ETA: 0s - loss: 0.0599
12/12 [==============================] - 0s 27ms/step - loss: 0.0604
Epoch 50/300

 1/12 [=>............................] - ETA: 0s - loss: 0.0503
 3/12 [======>.......................] - ETA: 0s - loss: 0.0528
 5/12 [===========>..................] - ETA: 0s - loss: 0.0544
 7/12 [================>.............] - ETA: 0s - loss: 0.0563
 9/12 [=====================>........] - ETA: 0s - loss: 0.0561
11/12 [==========================>...] - ETA: 0s - loss: 0.0574
12/12 [==============================] - 0s 27ms/step - loss: 0.0575
Epoch 51/300

 1/12 [=>............................] - ETA: 0s - loss: 0.0555
 3/12 [======>.......................] - ETA: 0s - loss: 0.0621
 5/12 [===========>..................] - ETA: 0s - loss: 0.0641
 7/12 [================>.............] - ETA: 0s - loss: 0.0609
 9/12 [=====================>........] - ETA: 0s - loss: 0.0624
11/12 [==========================>...] - ETA: 0s - loss: 0.0604
12/12 [==============================] - 0s 27ms/step - loss: 0.0609
Epoch 52/300

 1/12 [=>............................] - ETA: 0s - loss: 0.0629
 3/12 [======>.......................] - ETA: 0s - loss: 0.0672
 5/12 [===========>..................] - ETA: 0s - loss: 0.0661
 7/12 [================>.............] - ETA: 0s - loss: 0.0653
 9/12 [=====================>........] - ETA: 0s - loss: 0.0641
11/12 [==========================>...] - ETA: 0s - loss: 0.0612
12/12 [==============================] - 0s 27ms/step - loss: 0.0614
Epoch 53/300

 1/12 [=>............................] - ETA: 0s - loss: 0.0669
 3/12 [======>.......................] - ETA: 0s - loss: 0.0577
 5/12 [===========>..................] - ETA: 0s - loss: 0.0516
 7/12 [================>.............] - ETA: 0s - loss: 0.0578
 9/12 [=====================>........] - ETA: 0s - loss: 0.0579
11/12 [==========================>...] - ETA: 0s - loss: 0.0586
12/12 [==============================] - 0s 27ms/step - loss: 0.0587
Epoch 54/300

 1/12 [=>............................] - ETA: 0s - loss: 0.0561
 3/12 [======>.......................] - ETA: 0s - loss: 0.0594
 5/12 [===========>..................] - ETA: 0s - loss: 0.0554
 7/12 [================>.............] - ETA: 0s - loss: 0.0570
 9/12 [=====================>........] - ETA: 0s - loss: 0.0579
11/12 [==========================>...] - ETA: 0s - loss: 0.0561
12/12 [==============================] - 0s 27ms/step - loss: 0.0556
Epoch 55/300

 1/12 [=>............................] - ETA: 0s - loss: 0.0661
 3/12 [======>.......................] - ETA: 0s - loss: 0.0598
 5/12 [===========>..................] - ETA: 0s - loss: 0.0580
 7/12 [================>.............] - ETA: 0s - loss: 0.0614
 9/12 [=====================>........] - ETA: 0s - loss: 0.0620
11/12 [==========================>...] - ETA: 0s - loss: 0.0625
12/12 [==============================] - 0s 27ms/step - loss: 0.0621
Epoch 56/300

 1/12 [=>............................] - ETA: 0s - loss: 0.0655
 3/12 [======>.......................] - ETA: 0s - loss: 0.0599
 5/12 [===========>..................] - ETA: 0s - loss: 0.0570
 7/12 [================>.............] - ETA: 0s - loss: 0.0571
 9/12 [=====================>........] - ETA: 0s - loss: 0.0564
11/12 [==========================>...] - ETA: 0s - loss: 0.0549
12/12 [==============================] - 0s 27ms/step - loss: 0.0544
Epoch 57/300

 1/12 [=>............................] - ETA: 0s - loss: 0.0700
 3/12 [======>.......................] - ETA: 0s - loss: 0.0560
 5/12 [===========>..................] - ETA: 0s - loss: 0.0515
 7/12 [================>.............] - ETA: 0s - loss: 0.0513
 9/12 [=====================>........] - ETA: 0s - loss: 0.0532
11/12 [==========================>...] - ETA: 0s - loss: 0.0549
12/12 [==============================] - 0s 27ms/step - loss: 0.0553
Epoch 58/300

 1/12 [=>............................] - ETA: 0s - loss: 0.0458
 3/12 [======>.......................] - ETA: 0s - loss: 0.0552
 5/12 [===========>..................] - ETA: 0s - loss: 0.0601
 7/12 [================>.............] - ETA: 0s - loss: 0.0591
 9/12 [=====================>........] - ETA: 0s - loss: 0.0582
11/12 [==========================>...] - ETA: 0s - loss: 0.0578
12/12 [==============================] - 0s 27ms/step - loss: 0.0577
Epoch 59/300

 1/12 [=>............................] - ETA: 0s - loss: 0.0555
 3/12 [======>.......................] - ETA: 0s - loss: 0.0588
 5/12 [===========>..................] - ETA: 0s - loss: 0.0556
 7/12 [================>.............] - ETA: 0s - loss: 0.0579
 9/12 [=====================>........] - ETA: 0s - loss: 0.0621
11/12 [==========================>...] - ETA: 0s - loss: 0.0618
12/12 [==============================] - 0s 27ms/step - loss: 0.0616
Epoch 60/300

 1/12 [=>............................] - ETA: 0s - loss: 0.0625
 3/12 [======>.......................] - ETA: 0s - loss: 0.0593
 5/12 [===========>..................] - ETA: 0s - loss: 0.0567
 7/12 [================>.............] - ETA: 0s - loss: 0.0547
 9/12 [=====================>........] - ETA: 0s - loss: 0.0553
11/12 [==========================>...] - ETA: 0s - loss: 0.0566
12/12 [==============================] - 0s 27ms/step - loss: 0.0564
Epoch 61/300

 1/12 [=>............................] - ETA: 0s - loss: 0.0697
 3/12 [======>.......................] - ETA: 0s - loss: 0.0609
 5/12 [===========>..................] - ETA: 0s - loss: 0.0577
 7/12 [================>.............] - ETA: 0s - loss: 0.0564
 9/12 [=====================>........] - ETA: 0s - loss: 0.0555
11/12 [==========================>...] - ETA: 0s - loss: 0.0551
12/12 [==============================] - 0s 27ms/step - loss: 0.0550
Epoch 62/300

 1/12 [=>............................] - ETA: 0s - loss: 0.0523
 3/12 [======>.......................] - ETA: 0s - loss: 0.0547
 5/12 [===========>..................] - ETA: 0s - loss: 0.0598
 7/12 [================>.............] - ETA: 0s - loss: 0.0597
 9/12 [=====================>........] - ETA: 0s - loss: 0.0603
11/12 [==========================>...] - ETA: 0s - loss: 0.0597
12/12 [==============================] - 0s 27ms/step - loss: 0.0593
Epoch 63/300

 1/12 [=>............................] - ETA: 0s - loss: 0.0768
 3/12 [======>.......................] - ETA: 0s - loss: 0.0607
 5/12 [===========>..................] - ETA: 0s - loss: 0.0609
 7/12 [================>.............] - ETA: 0s - loss: 0.0589
 9/12 [=====================>........] - ETA: 0s - loss: 0.0568
11/12 [==========================>...] - ETA: 0s - loss: 0.0556
12/12 [==============================] - 0s 28ms/step - loss: 0.0555
Epoch 64/300

 1/12 [=>............................] - ETA: 0s - loss: 0.0515
 3/12 [======>.......................] - ETA: 0s - loss: 0.0469
 5/12 [===========>..................] - ETA: 0s - loss: 0.0530
 7/12 [================>.............] - ETA: 0s - loss: 0.0570
 9/12 [=====================>........] - ETA: 0s - loss: 0.0593
11/12 [==========================>...] - ETA: 0s - loss: 0.0602
12/12 [==============================] - 0s 29ms/step - loss: 0.0604
Epoch 65/300

 1/12 [=>............................] - ETA: 0s - loss: 0.0594
 3/12 [======>.......................] - ETA: 0s - loss: 0.0542
 5/12 [===========>..................] - ETA: 0s - loss: 0.0556
 7/12 [================>.............] - ETA: 0s - loss: 0.0603
 9/12 [=====================>........] - ETA: 0s - loss: 0.0565
11/12 [==========================>...] - ETA: 0s - loss: 0.0566
12/12 [==============================] - 0s 28ms/step - loss: 0.0565
Epoch 66/300

 1/12 [=>............................] - ETA: 0s - loss: 0.0669
 3/12 [======>.......................] - ETA: 0s - loss: 0.0649
 5/12 [===========>..................] - ETA: 0s - loss: 0.0605
 7/12 [================>.............] - ETA: 0s - loss: 0.0607
 9/12 [=====================>........] - ETA: 0s - loss: 0.0591
11/12 [==========================>...] - ETA: 0s - loss: 0.0581
12/12 [==============================] - 0s 28ms/step - loss: 0.0585
Epoch 67/300

 1/12 [=>............................] - ETA: 0s - loss: 0.0641
 3/12 [======>.......................] - ETA: 0s - loss: 0.0646
 5/12 [===========>..................] - ETA: 0s - loss: 0.0602
 7/12 [================>.............] - ETA: 0s - loss: 0.0580
 9/12 [=====================>........] - ETA: 0s - loss: 0.0578
11/12 [==========================>...] - ETA: 0s - loss: 0.0570
12/12 [==============================] - 0s 28ms/step - loss: 0.0574
Epoch 68/300

 1/12 [=>............................] - ETA: 0s - loss: 0.0679
 3/12 [======>.......................] - ETA: 0s - loss: 0.0556
 5/12 [===========>..................] - ETA: 0s - loss: 0.0571
 7/12 [================>.............] - ETA: 0s - loss: 0.0556
 9/12 [=====================>........] - ETA: 0s - loss: 0.0584
11/12 [==========================>...] - ETA: 0s - loss: 0.0603
12/12 [==============================] - 0s 27ms/step - loss: 0.0602
Epoch 69/300

 1/12 [=>............................] - ETA: 0s - loss: 0.0538
 3/12 [======>.......................] - ETA: 0s - loss: 0.0508
 5/12 [===========>..................] - ETA: 0s - loss: 0.0510
 7/12 [================>.............] - ETA: 0s - loss: 0.0520
 9/12 [=====================>........] - ETA: 0s - loss: 0.0518
11/12 [==========================>...] - ETA: 0s - loss: 0.0519
12/12 [==============================] - 0s 27ms/step - loss: 0.0519
Epoch 70/300

 1/12 [=>............................] - ETA: 0s - loss: 0.0554
 3/12 [======>.......................] - ETA: 0s - loss: 0.0572
 5/12 [===========>..................] - ETA: 0s - loss: 0.0522
 7/12 [================>.............] - ETA: 0s - loss: 0.0539
 9/12 [=====================>........] - ETA: 0s - loss: 0.0547
12/12 [==============================] - ETA: 0s - loss: 0.0556
12/12 [==============================] - 0s 27ms/step - loss: 0.0556
Epoch 71/300

 1/12 [=>............................] - ETA: 0s - loss: 0.0562
 3/12 [======>.......................] - ETA: 0s - loss: 0.0604
 5/12 [===========>..................] - ETA: 0s - loss: 0.0608
 7/12 [================>.............] - ETA: 0s - loss: 0.0599
 9/12 [=====================>........] - ETA: 0s - loss: 0.0603
11/12 [==========================>...] - ETA: 0s - loss: 0.0582
12/12 [==============================] - 0s 27ms/step - loss: 0.0587
Epoch 72/300

 1/12 [=>............................] - ETA: 0s - loss: 0.0455
 3/12 [======>.......................] - ETA: 0s - loss: 0.0596
 5/12 [===========>..................] - ETA: 0s - loss: 0.0540
 7/12 [================>.............] - ETA: 0s - loss: 0.0546
10/12 [========================>.....] - ETA: 0s - loss: 0.0546
12/12 [==============================] - 0s 27ms/step - loss: 0.0547
Epoch 73/300

 1/12 [=>............................] - ETA: 0s - loss: 0.0495
 3/12 [======>.......................] - ETA: 0s - loss: 0.0473
 5/12 [===========>..................] - ETA: 0s - loss: 0.0501
 7/12 [================>.............] - ETA: 0s - loss: 0.0488
 9/12 [=====================>........] - ETA: 0s - loss: 0.0493
11/12 [==========================>...] - ETA: 0s - loss: 0.0504
12/12 [==============================] - 0s 27ms/step - loss: 0.0505
Epoch 74/300

 1/12 [=>............................] - ETA: 0s - loss: 0.0480
 3/12 [======>.......................] - ETA: 0s - loss: 0.0576
 5/12 [===========>..................] - ETA: 0s - loss: 0.0565
 7/12 [================>.............] - ETA: 0s - loss: 0.0535
 9/12 [=====================>........] - ETA: 0s - loss: 0.0546
11/12 [==========================>...] - ETA: 0s - loss: 0.0550
12/12 [==============================] - 0s 28ms/step - loss: 0.0551
Epoch 75/300

 1/12 [=>............................] - ETA: 0s - loss: 0.0588
 3/12 [======>.......................] - ETA: 0s - loss: 0.0593
 5/12 [===========>..................] - ETA: 0s - loss: 0.0568
 7/12 [================>.............] - ETA: 0s - loss: 0.0559
 9/12 [=====================>........] - ETA: 0s - loss: 0.0569
11/12 [==========================>...] - ETA: 0s - loss: 0.0548
12/12 [==============================] - 0s 27ms/step - loss: 0.0551
Epoch 76/300

 1/12 [=>............................] - ETA: 0s - loss: 0.0439
 3/12 [======>.......................] - ETA: 0s - loss: 0.0525
 5/12 [===========>..................] - ETA: 0s - loss: 0.0534
 7/12 [================>.............] - ETA: 0s - loss: 0.0557
 9/12 [=====================>........] - ETA: 0s - loss: 0.0548
11/12 [==========================>...] - ETA: 0s - loss: 0.0548
12/12 [==============================] - 0s 27ms/step - loss: 0.0548
Epoch 77/300

 1/12 [=>............................] - ETA: 0s - loss: 0.0594
 3/12 [======>.......................] - ETA: 0s - loss: 0.0634
 5/12 [===========>..................] - ETA: 0s - loss: 0.0603
 7/12 [================>.............] - ETA: 0s - loss: 0.0580
 9/12 [=====================>........] - ETA: 0s - loss: 0.0574
11/12 [==========================>...] - ETA: 0s - loss: 0.0549
12/12 [==============================] - 0s 27ms/step - loss: 0.0547
Epoch 78/300

 1/12 [=>............................] - ETA: 0s - loss: 0.0389
 3/12 [======>.......................] - ETA: 0s - loss: 0.0486
 5/12 [===========>..................] - ETA: 0s - loss: 0.0490
 7/12 [================>.............] - ETA: 0s - loss: 0.0490
 9/12 [=====================>........] - ETA: 0s - loss: 0.0507
11/12 [==========================>...] - ETA: 0s - loss: 0.0526
12/12 [==============================] - 0s 27ms/step - loss: 0.0528
Epoch 79/300

 1/12 [=>............................] - ETA: 0s - loss: 0.0490
 3/12 [======>.......................] - ETA: 0s - loss: 0.0557
 5/12 [===========>..................] - ETA: 0s - loss: 0.0536
 7/12 [================>.............] - ETA: 0s - loss: 0.0558
 9/12 [=====================>........] - ETA: 0s - loss: 0.0548
11/12 [==========================>...] - ETA: 0s - loss: 0.0540
12/12 [==============================] - 0s 27ms/step - loss: 0.0544
Epoch 80/300

 1/12 [=>............................] - ETA: 0s - loss: 0.0689
 3/12 [======>.......................] - ETA: 0s - loss: 0.0610
 5/12 [===========>..................] - ETA: 0s - loss: 0.0575
 7/12 [================>.............] - ETA: 0s - loss: 0.0568
 9/12 [=====================>........] - ETA: 0s - loss: 0.0553
11/12 [==========================>...] - ETA: 0s - loss: 0.0539
12/12 [==============================] - 0s 27ms/step - loss: 0.0537
Epoch 81/300

 1/12 [=>............................] - ETA: 0s - loss: 0.0589
 3/12 [======>.......................] - ETA: 0s - loss: 0.0672
 5/12 [===========>..................] - ETA: 0s - loss: 0.0599
 7/12 [================>.............] - ETA: 0s - loss: 0.0555
 9/12 [=====================>........] - ETA: 0s - loss: 0.0552
11/12 [==========================>...] - ETA: 0s - loss: 0.0558
12/12 [==============================] - 0s 27ms/step - loss: 0.0563
Epoch 82/300

 1/12 [=>............................] - ETA: 0s - loss: 0.0599
 3/12 [======>.......................] - ETA: 0s - loss: 0.0468
 5/12 [===========>..................] - ETA: 0s - loss: 0.0535
 7/12 [================>.............] - ETA: 0s - loss: 0.0526
 9/12 [=====================>........] - ETA: 0s - loss: 0.0524
11/12 [==========================>...] - ETA: 0s - loss: 0.0535
12/12 [==============================] - 0s 27ms/step - loss: 0.0535
Epoch 83/300

 1/12 [=>............................] - ETA: 0s - loss: 0.0698
 3/12 [======>.......................] - ETA: 0s - loss: 0.0562
 5/12 [===========>..................] - ETA: 0s - loss: 0.0517
 7/12 [================>.............] - ETA: 0s - loss: 0.0506
 9/12 [=====================>........] - ETA: 0s - loss: 0.0523
11/12 [==========================>...] - ETA: 0s - loss: 0.0531
12/12 [==============================] - 0s 27ms/step - loss: 0.0524
Epoch 84/300

 1/12 [=>............................] - ETA: 0s - loss: 0.0625
 3/12 [======>.......................] - ETA: 0s - loss: 0.0538
 5/12 [===========>..................] - ETA: 0s - loss: 0.0500
 7/12 [================>.............] - ETA: 0s - loss: 0.0517
 9/12 [=====================>........] - ETA: 0s - loss: 0.0529
11/12 [==========================>...] - ETA: 0s - loss: 0.0551
12/12 [==============================] - 0s 27ms/step - loss: 0.0545
Epoch 85/300

 1/12 [=>............................] - ETA: 0s - loss: 0.0456
 3/12 [======>.......................] - ETA: 0s - loss: 0.0487
 5/12 [===========>..................] - ETA: 0s - loss: 0.0499
 7/12 [================>.............] - ETA: 0s - loss: 0.0503
 9/12 [=====================>........] - ETA: 0s - loss: 0.0507
11/12 [==========================>...] - ETA: 0s - loss: 0.0488
12/12 [==============================] - 0s 27ms/step - loss: 0.0483
Epoch 86/300

 1/12 [=>............................] - ETA: 0s - loss: 0.0430
 3/12 [======>.......................] - ETA: 0s - loss: 0.0549
 5/12 [===========>..................] - ETA: 0s - loss: 0.0547
 8/12 [===================>..........] - ETA: 0s - loss: 0.0517
10/12 [========================>.....] - ETA: 0s - loss: 0.0530
12/12 [==============================] - ETA: 0s - loss: 0.0525
12/12 [==============================] - 0s 27ms/step - loss: 0.0525
Epoch 87/300

 1/12 [=>............................] - ETA: 0s - loss: 0.0598
 3/12 [======>.......................] - ETA: 0s - loss: 0.0518
 5/12 [===========>..................] - ETA: 0s - loss: 0.0501
 7/12 [================>.............] - ETA: 0s - loss: 0.0492
 9/12 [=====================>........] - ETA: 0s - loss: 0.0482
11/12 [==========================>...] - ETA: 0s - loss: 0.0487
12/12 [==============================] - 0s 27ms/step - loss: 0.0484
Epoch 88/300

 1/12 [=>............................] - ETA: 0s - loss: 0.0466
 3/12 [======>.......................] - ETA: 0s - loss: 0.0471
 5/12 [===========>..................] - ETA: 0s - loss: 0.0461
 7/12 [================>.............] - ETA: 0s - loss: 0.0480
 9/12 [=====================>........] - ETA: 0s - loss: 0.0501
11/12 [==========================>...] - ETA: 0s - loss: 0.0490
12/12 [==============================] - 0s 27ms/step - loss: 0.0487
Epoch 89/300

 1/12 [=>............................] - ETA: 0s - loss: 0.0659
 3/12 [======>.......................] - ETA: 0s - loss: 0.0615
 5/12 [===========>..................] - ETA: 0s - loss: 0.0542
 7/12 [================>.............] - ETA: 0s - loss: 0.0566
 9/12 [=====================>........] - ETA: 0s - loss: 0.0553
11/12 [==========================>...] - ETA: 0s - loss: 0.0563
12/12 [==============================] - 0s 26ms/step - loss: 0.0571
Epoch 90/300

 1/12 [=>............................] - ETA: 0s - loss: 0.0512
 3/12 [======>.......................] - ETA: 0s - loss: 0.0516
 5/12 [===========>..................] - ETA: 0s - loss: 0.0511
 7/12 [================>.............] - ETA: 0s - loss: 0.0502
 9/12 [=====================>........] - ETA: 0s - loss: 0.0509
11/12 [==========================>...] - ETA: 0s - loss: 0.0516
12/12 [==============================] - 0s 27ms/step - loss: 0.0520
Epoch 91/300

 1/12 [=>............................] - ETA: 0s - loss: 0.0390
 4/12 [=========>....................] - ETA: 0s - loss: 0.0496
 6/12 [==============>...............] - ETA: 0s - loss: 0.0492
 8/12 [===================>..........] - ETA: 0s - loss: 0.0496
10/12 [========================>.....] - ETA: 0s - loss: 0.0515
12/12 [==============================] - 0s 27ms/step - loss: 0.0504
Epoch 92/300

 1/12 [=>............................] - ETA: 0s - loss: 0.0528
 3/12 [======>.......................] - ETA: 0s - loss: 0.0492
 5/12 [===========>..................] - ETA: 0s - loss: 0.0511
 7/12 [================>.............] - ETA: 0s - loss: 0.0505
 9/12 [=====================>........] - ETA: 0s - loss: 0.0514
11/12 [==========================>...] - ETA: 0s - loss: 0.0509
12/12 [==============================] - 0s 27ms/step - loss: 0.0506
Epoch 93/300

 1/12 [=>............................] - ETA: 0s - loss: 0.0525
 3/12 [======>.......................] - ETA: 0s - loss: 0.0475
 5/12 [===========>..................] - ETA: 0s - loss: 0.0490
 7/12 [================>.............] - ETA: 0s - loss: 0.0494
 9/12 [=====================>........] - ETA: 0s - loss: 0.0501
11/12 [==========================>...] - ETA: 0s - loss: 0.0526
12/12 [==============================] - 0s 27ms/step - loss: 0.0521
Epoch 94/300

 1/12 [=>............................] - ETA: 0s - loss: 0.0443
 3/12 [======>.......................] - ETA: 0s - loss: 0.0591
 5/12 [===========>..................] - ETA: 0s - loss: 0.0622
 7/12 [================>.............] - ETA: 0s - loss: 0.0589
 9/12 [=====================>........] - ETA: 0s - loss: 0.0574
11/12 [==========================>...] - ETA: 0s - loss: 0.0568
12/12 [==============================] - 0s 27ms/step - loss: 0.0567
Epoch 95/300

 1/12 [=>............................] - ETA: 0s - loss: 0.0504
 3/12 [======>.......................] - ETA: 0s - loss: 0.0490
 5/12 [===========>..................] - ETA: 0s - loss: 0.0508
 7/12 [================>.............] - ETA: 0s - loss: 0.0499
 9/12 [=====================>........] - ETA: 0s - loss: 0.0525
11/12 [==========================>...] - ETA: 0s - loss: 0.0516
12/12 [==============================] - 0s 27ms/step - loss: 0.0512
Epoch 96/300

 1/12 [=>............................] - ETA: 0s - loss: 0.0534
 3/12 [======>.......................] - ETA: 0s - loss: 0.0517
 5/12 [===========>..................] - ETA: 0s - loss: 0.0501
 7/12 [================>.............] - ETA: 0s - loss: 0.0491
 9/12 [=====================>........] - ETA: 0s - loss: 0.0469
11/12 [==========================>...] - ETA: 0s - loss: 0.0477
12/12 [==============================] - 0s 27ms/step - loss: 0.0475
Epoch 97/300

 1/12 [=>............................] - ETA: 0s - loss: 0.0471
 3/12 [======>.......................] - ETA: 0s - loss: 0.0487
 5/12 [===========>..................] - ETA: 0s - loss: 0.0484
 7/12 [================>.............] - ETA: 0s - loss: 0.0485
 9/12 [=====================>........] - ETA: 0s - loss: 0.0480
11/12 [==========================>...] - ETA: 0s - loss: 0.0491
12/12 [==============================] - 0s 27ms/step - loss: 0.0497
Epoch 98/300

 1/12 [=>............................] - ETA: 0s - loss: 0.0366
 3/12 [======>.......................] - ETA: 0s - loss: 0.0471
 5/12 [===========>..................] - ETA: 0s - loss: 0.0486
 7/12 [================>.............] - ETA: 0s - loss: 0.0470
 9/12 [=====================>........] - ETA: 0s - loss: 0.0486
11/12 [==========================>...] - ETA: 0s - loss: 0.0483
12/12 [==============================] - 0s 27ms/step - loss: 0.0487
Epoch 99/300

 1/12 [=>............................] - ETA: 0s - loss: 0.0445
 3/12 [======>.......................] - ETA: 0s - loss: 0.0441
 5/12 [===========>..................] - ETA: 0s - loss: 0.0490
 7/12 [================>.............] - ETA: 0s - loss: 0.0483
 9/12 [=====================>........] - ETA: 0s - loss: 0.0480
11/12 [==========================>...] - ETA: 0s - loss: 0.0495
12/12 [==============================] - 0s 27ms/step - loss: 0.0497
Epoch 100/300

 1/12 [=>............................] - ETA: 0s - loss: 0.0489
 3/12 [======>.......................] - ETA: 0s - loss: 0.0490
 5/12 [===========>..................] - ETA: 0s - loss: 0.0501
 7/12 [================>.............] - ETA: 0s - loss: 0.0515
 9/12 [=====================>........] - ETA: 0s - loss: 0.0502
11/12 [==========================>...] - ETA: 0s - loss: 0.0499
12/12 [==============================] - 0s 27ms/step - loss: 0.0496
Epoch 101/300

 1/12 [=>............................] - ETA: 0s - loss: 0.0474
 3/12 [======>.......................] - ETA: 0s - loss: 0.0547
 5/12 [===========>..................] - ETA: 0s - loss: 0.0511
 7/12 [================>.............] - ETA: 0s - loss: 0.0500
 9/12 [=====================>........] - ETA: 0s - loss: 0.0508
11/12 [==========================>...] - ETA: 0s - loss: 0.0488
12/12 [==============================] - 0s 27ms/step - loss: 0.0487
Epoch 102/300

 1/12 [=>............................] - ETA: 0s - loss: 0.0625
 3/12 [======>.......................] - ETA: 0s - loss: 0.0509
 5/12 [===========>..................] - ETA: 0s - loss: 0.0515
 7/12 [================>.............] - ETA: 0s - loss: 0.0522
 9/12 [=====================>........] - ETA: 0s - loss: 0.0527
11/12 [==========================>...] - ETA: 0s - loss: 0.0511
12/12 [==============================] - 0s 27ms/step - loss: 0.0515
Epoch 103/300

 1/12 [=>............................] - ETA: 0s - loss: 0.0424
 3/12 [======>.......................] - ETA: 0s - loss: 0.0573
 5/12 [===========>..................] - ETA: 0s - loss: 0.0546
 7/12 [================>.............] - ETA: 0s - loss: 0.0534
 9/12 [=====================>........] - ETA: 0s - loss: 0.0508
11/12 [==========================>...] - ETA: 0s - loss: 0.0517
12/12 [==============================] - 0s 27ms/step - loss: 0.0512
Epoch 104/300

 1/12 [=>............................] - ETA: 0s - loss: 0.0606
 3/12 [======>.......................] - ETA: 0s - loss: 0.0526
 5/12 [===========>..................] - ETA: 0s - loss: 0.0529
 7/12 [================>.............] - ETA: 0s - loss: 0.0497
 9/12 [=====================>........] - ETA: 0s - loss: 0.0485
11/12 [==========================>...] - ETA: 0s - loss: 0.0489
12/12 [==============================] - 0s 27ms/step - loss: 0.0491
Epoch 105/300

 1/12 [=>............................] - ETA: 0s - loss: 0.0414
 3/12 [======>.......................] - ETA: 0s - loss: 0.0478
 5/12 [===========>..................] - ETA: 0s - loss: 0.0469
 7/12 [================>.............] - ETA: 0s - loss: 0.0469
 9/12 [=====================>........] - ETA: 0s - loss: 0.0481
11/12 [==========================>...] - ETA: 0s - loss: 0.0488
12/12 [==============================] - 0s 27ms/step - loss: 0.0485
Epoch 106/300

 1/12 [=>............................] - ETA: 0s - loss: 0.0440
 3/12 [======>.......................] - ETA: 0s - loss: 0.0401
 5/12 [===========>..................] - ETA: 0s - loss: 0.0440
 7/12 [================>.............] - ETA: 0s - loss: 0.0454
 9/12 [=====================>........] - ETA: 0s - loss: 0.0446
11/12 [==========================>...] - ETA: 0s - loss: 0.0446
12/12 [==============================] - 0s 27ms/step - loss: 0.0453
Epoch 107/300

 1/12 [=>............................] - ETA: 0s - loss: 0.0482
 3/12 [======>.......................] - ETA: 0s - loss: 0.0485
 5/12 [===========>..................] - ETA: 0s - loss: 0.0498
 7/12 [================>.............] - ETA: 0s - loss: 0.0479
 9/12 [=====================>........] - ETA: 0s - loss: 0.0463
11/12 [==========================>...] - ETA: 0s - loss: 0.0477
12/12 [==============================] - 0s 27ms/step - loss: 0.0471
Epoch 108/300

 1/12 [=>............................] - ETA: 0s - loss: 0.0657
 3/12 [======>.......................] - ETA: 0s - loss: 0.0574
 5/12 [===========>..................] - ETA: 0s - loss: 0.0520
 7/12 [================>.............] - ETA: 0s - loss: 0.0493
 9/12 [=====================>........] - ETA: 0s - loss: 0.0493
11/12 [==========================>...] - ETA: 0s - loss: 0.0509
12/12 [==============================] - 0s 27ms/step - loss: 0.0510
Epoch 109/300

 1/12 [=>............................] - ETA: 0s - loss: 0.0428
 3/12 [======>.......................] - ETA: 0s - loss: 0.0404
 5/12 [===========>..................] - ETA: 0s - loss: 0.0443
 7/12 [================>.............] - ETA: 0s - loss: 0.0433
 9/12 [=====================>........] - ETA: 0s - loss: 0.0436
11/12 [==========================>...] - ETA: 0s - loss: 0.0435
12/12 [==============================] - 0s 27ms/step - loss: 0.0438
Epoch 110/300

 1/12 [=>............................] - ETA: 0s - loss: 0.0391
 3/12 [======>.......................] - ETA: 0s - loss: 0.0499
 5/12 [===========>..................] - ETA: 0s - loss: 0.0488
 7/12 [================>.............] - ETA: 0s - loss: 0.0464
 9/12 [=====================>........] - ETA: 0s - loss: 0.0479
11/12 [==========================>...] - ETA: 0s - loss: 0.0472
12/12 [==============================] - 0s 27ms/step - loss: 0.0473
Epoch 111/300

 1/12 [=>............................] - ETA: 0s - loss: 0.0454
 3/12 [======>.......................] - ETA: 0s - loss: 0.0434
 5/12 [===========>..................] - ETA: 0s - loss: 0.0447
 7/12 [================>.............] - ETA: 0s - loss: 0.0447
 9/12 [=====================>........] - ETA: 0s - loss: 0.0434
11/12 [==========================>...] - ETA: 0s - loss: 0.0445
12/12 [==============================] - 0s 27ms/step - loss: 0.0445
Epoch 112/300

 1/12 [=>............................] - ETA: 0s - loss: 0.0474
 3/12 [======>.......................] - ETA: 0s - loss: 0.0443
 5/12 [===========>..................] - ETA: 0s - loss: 0.0487
 7/12 [================>.............] - ETA: 0s - loss: 0.0449
 9/12 [=====================>........] - ETA: 0s - loss: 0.0444
11/12 [==========================>...] - ETA: 0s - loss: 0.0456
12/12 [==============================] - 0s 28ms/step - loss: 0.0456
Epoch 113/300

 1/12 [=>............................] - ETA: 0s - loss: 0.0539
 3/12 [======>.......................] - ETA: 0s - loss: 0.0503
 5/12 [===========>..................] - ETA: 0s - loss: 0.0476
 7/12 [================>.............] - ETA: 0s - loss: 0.0476
 9/12 [=====================>........] - ETA: 0s - loss: 0.0489
11/12 [==========================>...] - ETA: 0s - loss: 0.0486
12/12 [==============================] - 0s 28ms/step - loss: 0.0488
Epoch 114/300

 1/12 [=>............................] - ETA: 0s - loss: 0.0554
 3/12 [======>.......................] - ETA: 0s - loss: 0.0428
 5/12 [===========>..................] - ETA: 0s - loss: 0.0465
 7/12 [================>.............] - ETA: 0s - loss: 0.0473
 9/12 [=====================>........] - ETA: 0s - loss: 0.0482
11/12 [==========================>...] - ETA: 0s - loss: 0.0475
12/12 [==============================] - 0s 29ms/step - loss: 0.0473
Epoch 115/300

 1/12 [=>............................] - ETA: 0s - loss: 0.0419
 3/12 [======>.......................] - ETA: 0s - loss: 0.0479
 5/12 [===========>..................] - ETA: 0s - loss: 0.0494
 7/12 [================>.............] - ETA: 0s - loss: 0.0463
 9/12 [=====================>........] - ETA: 0s - loss: 0.0488
11/12 [==========================>...] - ETA: 0s - loss: 0.0494
12/12 [==============================] - 0s 29ms/step - loss: 0.0496
Epoch 116/300

 1/12 [=>............................] - ETA: 0s - loss: 0.0525
 3/12 [======>.......................] - ETA: 0s - loss: 0.0515
 5/12 [===========>..................] - ETA: 0s - loss: 0.0477
 7/12 [================>.............] - ETA: 0s - loss: 0.0461
 9/12 [=====================>........] - ETA: 0s - loss: 0.0452
11/12 [==========================>...] - ETA: 0s - loss: 0.0462
12/12 [==============================] - 0s 28ms/step - loss: 0.0467
Epoch 117/300

 1/12 [=>............................] - ETA: 0s - loss: 0.0570
 3/12 [======>.......................] - ETA: 0s - loss: 0.0550
 5/12 [===========>..................] - ETA: 0s - loss: 0.0504
 7/12 [================>.............] - ETA: 0s - loss: 0.0486
 9/12 [=====================>........] - ETA: 0s - loss: 0.0475
11/12 [==========================>...] - ETA: 0s - loss: 0.0463
12/12 [==============================] - 0s 28ms/step - loss: 0.0465
Epoch 118/300

 1/12 [=>............................] - ETA: 0s - loss: 0.0384
 3/12 [======>.......................] - ETA: 0s - loss: 0.0487
 5/12 [===========>..................] - ETA: 0s - loss: 0.0515
 7/12 [================>.............] - ETA: 0s - loss: 0.0498
 9/12 [=====================>........] - ETA: 0s - loss: 0.0488
11/12 [==========================>...] - ETA: 0s - loss: 0.0497
12/12 [==============================] - 0s 27ms/step - loss: 0.0499
Epoch 119/300

 1/12 [=>............................] - ETA: 0s - loss: 0.0439
 3/12 [======>.......................] - ETA: 0s - loss: 0.0450
 5/12 [===========>..................] - ETA: 0s - loss: 0.0406
 7/12 [================>.............] - ETA: 0s - loss: 0.0420
 9/12 [=====================>........] - ETA: 0s - loss: 0.0434
11/12 [==========================>...] - ETA: 0s - loss: 0.0442
12/12 [==============================] - 0s 28ms/step - loss: 0.0441
Epoch 120/300

 1/12 [=>............................] - ETA: 0s - loss: 0.0400
 3/12 [======>.......................] - ETA: 0s - loss: 0.0432
 5/12 [===========>..................] - ETA: 0s - loss: 0.0462
 7/12 [================>.............] - ETA: 0s - loss: 0.0465
 9/12 [=====================>........] - ETA: 0s - loss: 0.0442
11/12 [==========================>...] - ETA: 0s - loss: 0.0444
12/12 [==============================] - 0s 28ms/step - loss: 0.0439
Epoch 121/300

 1/12 [=>............................] - ETA: 0s - loss: 0.0491
 3/12 [======>.......................] - ETA: 0s - loss: 0.0481
 5/12 [===========>..................] - ETA: 0s - loss: 0.0469
 7/12 [================>.............] - ETA: 0s - loss: 0.0479
 9/12 [=====================>........] - ETA: 0s - loss: 0.0482
11/12 [==========================>...] - ETA: 0s - loss: 0.0490
12/12 [==============================] - 0s 27ms/step - loss: 0.0487
Epoch 122/300

 1/12 [=>............................] - ETA: 0s - loss: 0.0397
 4/12 [=========>....................] - ETA: 0s - loss: 0.0439
 6/12 [==============>...............] - ETA: 0s - loss: 0.0471
 8/12 [===================>..........] - ETA: 0s - loss: 0.0453
10/12 [========================>.....] - ETA: 0s - loss: 0.0451
12/12 [==============================] - ETA: 0s - loss: 0.0451
12/12 [==============================] - 0s 27ms/step - loss: 0.0451
Epoch 123/300

 1/12 [=>............................] - ETA: 0s - loss: 0.0495
 3/12 [======>.......................] - ETA: 0s - loss: 0.0529
 5/12 [===========>..................] - ETA: 0s - loss: 0.0524
 7/12 [================>.............] - ETA: 0s - loss: 0.0496
 9/12 [=====================>........] - ETA: 0s - loss: 0.0478
11/12 [==========================>...] - ETA: 0s - loss: 0.0476
12/12 [==============================] - 0s 29ms/step - loss: 0.0472
Epoch 124/300

 1/12 [=>............................] - ETA: 0s - loss: 0.0335
 3/12 [======>.......................] - ETA: 0s - loss: 0.0431
 5/12 [===========>..................] - ETA: 0s - loss: 0.0428
 7/12 [================>.............] - ETA: 0s - loss: 0.0446
 9/12 [=====================>........] - ETA: 0s - loss: 0.0456
11/12 [==========================>...] - ETA: 0s - loss: 0.0454
12/12 [==============================] - 0s 27ms/step - loss: 0.0455
Epoch 125/300

 1/12 [=>............................] - ETA: 0s - loss: 0.0517
 3/12 [======>.......................] - ETA: 0s - loss: 0.0432
 5/12 [===========>..................] - ETA: 0s - loss: 0.0453
 7/12 [================>.............] - ETA: 0s - loss: 0.0479
 9/12 [=====================>........] - ETA: 0s - loss: 0.0462
11/12 [==========================>...] - ETA: 0s - loss: 0.0477
12/12 [==============================] - 0s 28ms/step - loss: 0.0474
Epoch 126/300

 1/12 [=>............................] - ETA: 0s - loss: 0.0458
 3/12 [======>.......................] - ETA: 0s - loss: 0.0488
 5/12 [===========>..................] - ETA: 0s - loss: 0.0508
 7/12 [================>.............] - ETA: 0s - loss: 0.0477
 9/12 [=====================>........] - ETA: 0s - loss: 0.0483
11/12 [==========================>...] - ETA: 0s - loss: 0.0489
12/12 [==============================] - 0s 27ms/step - loss: 0.0483
Epoch 127/300

 1/12 [=>............................] - ETA: 0s - loss: 0.0524
 3/12 [======>.......................] - ETA: 0s - loss: 0.0530
 5/12 [===========>..................] - ETA: 0s - loss: 0.0501
 7/12 [================>.............] - ETA: 0s - loss: 0.0481
 9/12 [=====================>........] - ETA: 0s - loss: 0.0464
11/12 [==========================>...] - ETA: 0s - loss: 0.0478
12/12 [==============================] - 0s 27ms/step - loss: 0.0471
Epoch 128/300

 1/12 [=>............................] - ETA: 0s - loss: 0.0635
 3/12 [======>.......................] - ETA: 0s - loss: 0.0567
 5/12 [===========>..................] - ETA: 0s - loss: 0.0514
 7/12 [================>.............] - ETA: 0s - loss: 0.0478
 9/12 [=====================>........] - ETA: 0s - loss: 0.0465
11/12 [==========================>...] - ETA: 0s - loss: 0.0465
12/12 [==============================] - 0s 27ms/step - loss: 0.0465
Epoch 129/300

 1/12 [=>............................] - ETA: 0s - loss: 0.0338
 3/12 [======>.......................] - ETA: 0s - loss: 0.0408
 5/12 [===========>..................] - ETA: 0s - loss: 0.0462
 7/12 [================>.............] - ETA: 0s - loss: 0.0467
 9/12 [=====================>........] - ETA: 0s - loss: 0.0473
11/12 [==========================>...] - ETA: 0s - loss: 0.0469
12/12 [==============================] - 0s 27ms/step - loss: 0.0469
Epoch 129: early stopping

 1/12 [=>............................] - ETA: 5s
 9/12 [=====================>........] - ETA: 0s
12/12 [==============================] - 1s 7ms/step
